compile_run_tests.sh: line 41: drive4: command not found
