compile_run_tests.sh: line 35: drive1: command not found
