compile_run_tests.sh: line 39: drive3: command not found
