compile_run_tests.sh: line 37: drive2: command not found
